                      
Deal Type: JV
Author: AW
Created: 29.06.2020 13:54:19
Comments: 



Custom Report Contents:
DA
RDSP_DE
RDSP_DA
RDDATEEFF
RDDATEANN
RDJV_DE
RDJVDATE
HDATE
DT
DS
DR
ERDATE
DX
DE
DEXP
DC
DA
AA_ADV_ROLE
ACTIVITY
ACTIVITYC
APPTECH
CAP
CITY
CEMAIL
CWEB
CNAME
CPHONE
CR_BOR_ALLIANCE
CR_BOR_PART
CROSS_EQUITY_TRANSFER
CRLIC
CRTECH
DAEST
DCEST
DEEST
DXEST
DREST
DSEST
DTEST
N
JVDEALNO
SYN
DISC_VAL
EQUITY_STAKE
EQUITY_TRANSFER
CASSET
CAPEST
COST
FUNDAMT
LICFEE
VALOTH
VALOTHDESC
RYLFEE
SALES
VALSFB
EXLCIF
OLENGTH
ELENGTH
EXPLF
FUNDF
HITECH
HITECHC
HEVENT
JVINDUSTRY
JVINC
JVC
JVF
LEV
JVNAME
JVEMP
JVTYPE
POPTSTAKE
PORIGSTAKE
PSTAKEEST
JV_OPTF
PSTAKE
LICF
MFGF
MKTF
NAT
NATC
NATREGION
NATREGCODE
NUMP
OPEN
OEMF
PRIVF
PROVINCE
PROVINCEC
REG
REGC
RNDF
RYLF
SNATION_PARTAL
SICDESC
SICP
SIC
SICPDESC
SF
SFC
SFT
SF_MORE_BUYERS
JVSOURCE
JVSOURCEC
SPINNAME
SPIN
STATE
STATEC
STATELAW
STATELAWC
JVSTATUS
SAF
SUPPF
TECHNIQUE
TECHNIQUEC
TECHTR
VE
VEC
VECPDESC
MASTER_VEICPD
MASTER_VEICP
AA_AADV_PART
AA_AUDITOR_CODE
AA_AUDITOR_DESC
AA_ADV_PART
AA_FINANCIAL_CODE
AA_FINANCIAL_DESC
JVBUSS
JVDUNS
JVEXCHANGE
JVEXCHANGECODE
JVFAX
JVWEB
JVLBO
JVLP
JVMERCHANT
JVPHONE
JVZIPLONG
JVPUBLIC
JVPUBLICCODE
JVADDR1
JVADDR2
JVTICKER
JVVENTURE
AA_LADV_ROLE
AA_LADV_PART
AA_LEGAL_CODE
AA_LEGAL_DESC
AA_LEGAL_FINL_CODE
AA_LEGAL_FINL_DESC
LINE_COUNTER
PPCUSIP
PBL
PBUSS
PCITY
PCUSIP
PCUSIP_PRINT
PEXCHANGE
PEXCHANGECODE
PFAX
PHTECH
PHTECHC
PHTECHGR
PIN
PINC
PWEB
PLBO
PLP
PMERCHANT
PL
PNF
P
PNATION
PNATC
PREGIONCODE
PNATREGC
PEMP
PPNAME
PPHONE
PPOST
PPROV
PPROVCODE
PPUB
PPUBC
PREGION
PSIC
PSICDESC
PSICP
PSICPDESC
PBUSSOURCE
PBUSSOURCECODE
BUSSOURCECODE_PRINT
PSTATE
PSTATEC
PSTATE_REGION
PSTATE_REGIONCODE
PADDR1
PADDR2
PTICKER
PUPBUSS
PUP
PUPCUSIP
PUPNAME
PUPNAT
PUPNATC
PUPPROV
PUPPROVCODE
PUPPUBLIC
PUPPUBLICCODE
PUPSICDESC
PUPSIC
PUPSICDESCP
PUPSICP
PUPSTATE
PUPSTATECODE
PVEIC_DESC
PVEIC_CODE
PVEICP_DESC
PVEICP_CODE
PVENTURE
RDJV_DNAME
RDJV_DEALNO
RDJV_CUSIP
RDJV_NAME
RDJV_PCUSIP
RDJV_PNAME
RDJV_STATCODE
RDACOMOUT
RDACQ
RDMA_DEALNO
RDSTC
RDFORM
RDSP_ACOMOUT
RDSP_ACQCUSIP
RDSP_ACQNAME
RDSP_DEALNO
RDSP_FORMCODE
RDSP_PCTACQ
RDSP_PCTOWN
RDSP_PR
RDSP_STATCODE
RDSP_COMACQ
RDSP_COMHELD
RDSP_COMOUT
RDSP_TARCUSIP
RDSP_TARNAME
RDSP_TYPE
RDSP_TYPECODE
RDSP_VAL
RDSP_VALEFF
RDMA_STAT
RDCOMOUT
RDVAL
RDVALEFF
P
PNAT
BUSL
TECH
SICP
NAT
STATE
JVSA_TYPE
MACT
CROSSF
