                      
Deal Type: JV
Author: AW
Created: 20.09.2018 13:05:26
Comments: 



Custom Report Contents:
RDJV_DE
RDDATEEFF
DEXP
DT
DS
DR
DX
DE
DC
DA
ACTIVITY
ACTIVITYC
CITY
CR_BOR_ALLIANCE
CR_BOR_PART
CROSS_EQUITY_TRANSFER
CRLIC
CRTECH
N
SYN
DISC_VAL
EQUITY_STAKE
EQUITY_TRANSFER
CASSET
CAPEST
COST
FUNDAMT
SALES
OLENGTH
ELENGTH
EXPLF
FUNDF
JVINDUSTRY
JVINC
JVC
JVF
LEV
JVNAME
JVEMP
JVTYPE
POPTSTAKE
PORIGSTAKE
PSTAKEEST
JV_OPTF
PSTAKE
NAT
NATC
NATREGION
NATREGCODE
NUMP
OPEN
OEMF
PRIVF
RNDF
SICDESC
JVBUSS
JVDUNS
JVEXCHANGE
JVEXCHANGECODE
JVWEB
JVLBO
JVLP
JVMERCHANT
JVZIPLONG
JVPUBLIC
JVPUBLICCODE
JVADDR1
JVTICKER
JVVENTURE
PPCUSIP
PBUSS
PCITY
PCUSIP_PRINT
PIN
PINC
PLP
PL
P
PNATION
PNATC
PEMP
PPOST
PPROV
PPUB
PPUBC
PSIC
PSICPDESC
PBUSSOURCECODE
PSTATE
PTICKER
PPCUSIP
PCUSIP
PCUSIP_PRINT
PUPCUSIP
RDJV_PCUSIP
PUP
RDJV_CUSIP
RDSP_ACQCUSIP
RDSP_TARCUSIP
PTICKER
JVTICKER
PUPSICP
SICPDESC
PSICP
PUPSICDESCP
SICP
PSICPDESC
DAEST
DCEST
DEEST
DXEST
DREST
DSEST
DTEST
JVDEALNO
LICFEE
VALOTH
VALOTHDESC
VALSFB
EXLCIF
REG
REGC
SF
SFC
JVSTATUS
SAF
MASTER_VEICP
MASTER_VEICPD
PPNAME
PSTATEC
PUPSTATECODE
PUPNAME
PUPNATC
PUPNAT
PVEIC_CODE
RDMA_DEALNO
RDFORM
RDVAL
RYLFEE
RDJV_NAME
RDJV_DNAME
RDJV_DEALNO
